#-----------------------------------------------------------
# Vivado v2021.1 (64-bit)
# SW Build 3247384 on Thu Jun 10 19:36:33 MDT 2021
# IP Build 3246043 on Fri Jun 11 00:30:35 MDT 2021
# Start of session at: Sun Apr 21 12:19:19 2024
# Process ID: 14296
# Current directory: C:/Users/sb734/Documents/project_new
# Command line: vivado.exe -gui_launcher_event rodinguilauncherevent13640 C:\Users\sb734\Documents\project_new\processor.xpr
# Log file: C:/Users/sb734/Documents/project_new/vivado.log
# Journal file: C:/Users/sb734/Documents/project_new\vivado.jou
#-----------------------------------------------------------
start_gui
open_project C:/Users/sb734/Documents/project_new/processor.xpr
update_compile_order -fileset sources_1
reset_run synth_1
launch_runs synth_1 -jobs 6
wait_on_run synth_1
reset_run synth_1
launch_runs synth_1 -jobs 6
wait_on_run synth_1
add_files -norecurse C:/Users/sb734/Documents/project_new/processor.srcs/sources_1/imports/240551425/pwn.v
update_compile_order -fileset sources_1
add_files -norecurse {C:/Users/sb734/Documents/project_new/processor.srcs/sources_1/imports/240551425/top.v C:/Users/sb734/Documents/project_new/processor.srcs/sources_1/imports/240551425/PWMSerializers.v}
update_compile_order -fileset sources_1
add_files -norecurse {C:/Users/sb734/Documents/project_new/processor.srcs/sources_1/imports/240551425/seg7_control.v C:/Users/sb734/Documents/project_new/processor.srcs/sources_1/imports/240551425/iclk_gen.v}
update_compile_order -fileset sources_1
add_files -norecurse C:/Users/sb734/Documents/project_new/processor.srcs/sources_1/imports/240551425/spi_master.v
update_compile_order -fileset sources_1
reset_run synth_1
launch_runs synth_1 -jobs 6
wait_on_run synth_1
